===== release @ 2026-07-12T17:27:22-03:00 =====
     Removed 3702 files, 983.9MiB total
wall_sec=78.87 user_sec=162.49 sys_sec=12.26 maxrss_kb=1604120
# started on Sun Jul 12 17:27:23 2026


 Performance counter stats for 'cargo build --release -j24':

         175905.50 msec task-clock:u                                                          
      379205176424      cpu_atom/cycles/u                                                       (31.02%)
      723299528912      cpu_core/cycles/u                                                       (83.21%)
      383665887323      cpu_atom/instructions/u                                                 (31.02%)
      908287815802      cpu_core/instructions/u                                                 (83.21%)
       74646259599      cpu_atom/branches/u                                                     (31.02%)
      177536857905      cpu_core/branches/u                                                     (83.21%)
        4247619369      cpu_atom/branch-misses/u                                                (31.02%)
        7969969013      cpu_core/branch-misses/u                                                (83.21%)
        8420751551      cpu_atom/cache-references/u                                             (31.02%)
       12855002376      cpu_core/cache-references/u                                             (83.21%)
        2337643746      cpu_atom/cache-misses/u                                                 (31.02%)
        2699162074      cpu_core/cache-misses/u                                                 (83.21%)
           3717550      page-faults:u                                                         

      78.856590247 seconds time elapsed

     162.490842000 seconds user
      12.261101000 seconds sys


===== check @ 2026-07-12T17:28:41-03:00 =====
     Removed 4058 files, 942.0MiB total
wall_sec=9.91 user_sec=25.01 sys_sec=10.84 maxrss_kb=820356
# started on Sun Jul 12 17:28:42 2026


 Performance counter stats for 'cargo check -j24':

          35528.23 msec task-clock:u                                                          
       51303246619      cpu_atom/cycles/u                                                       (50.86%)
       94859255759      cpu_core/cycles/u                                                       (82.87%)
       50680412352      cpu_atom/instructions/u                                                 (50.86%)
      107726514069      cpu_core/instructions/u                                                 (82.87%)
        9009529314      cpu_atom/branches/u                                                     (50.86%)
       19106862155      cpu_core/branches/u                                                     (82.87%)
         337081578      cpu_atom/branch-misses/u                                                (50.86%)
         595680942      cpu_core/branch-misses/u                                                (82.87%)
        1141058538      cpu_atom/cache-references/u                                             (50.86%)
        1557823529      cpu_core/cache-references/u                                             (82.87%)
         380190366      cpu_atom/cache-misses/u                                                 (50.86%)
         491461661      cpu_core/cache-misses/u                                                 (82.87%)
           2480719      page-faults:u                                                         

       9.897872694 seconds time elapsed

      25.007464000 seconds user
      10.836387000 seconds sys


