===== release @ 2026-07-12T17:24:10-03:00 =====
     Removed 3702 files, 983.9MiB total
wall_sec=81.35 user_sec=162.26 sys_sec=11.19 maxrss_kb=1626248
# started on Sun Jul 12 17:24:10 2026


 Performance counter stats for 'cargo build --release -j24':

         205791.36 msec task-clock:u                                                          
      426449570132      cpu_atom/cycles/u                                                       (34.08%)
      787718517490      cpu_core/cycles/u                                                       (82.71%)
      439927352839      cpu_atom/instructions/u                                                 (34.08%)
      991097940101      cpu_core/instructions/u                                                 (82.71%)
       82612167443      cpu_atom/branches/u                                                     (34.08%)
      190876721576      cpu_core/branches/u                                                     (82.71%)
        4361777359      cpu_atom/branch-misses/u                                                (34.08%)
        8218904218      cpu_core/branch-misses/u                                                (82.71%)
        9163995912      cpu_atom/cache-references/u                                             (34.08%)
       13770216009      cpu_core/cache-references/u                                             (82.71%)
        2519458549      cpu_atom/cache-misses/u                                                 (34.08%)
        3200465741      cpu_core/cache-misses/u                                                 (82.71%)
           8121284      page-faults:u                                                         

      81.323445805 seconds time elapsed

     162.260477000 seconds user
      11.185858000 seconds sys


===== check @ 2026-07-12T17:25:31-03:00 =====
     Removed 4058 files, 942.0MiB total
wall_sec=10.07 user_sec=25.07 sys_sec=10.75 maxrss_kb=820792
# started on Sun Jul 12 17:25:31 2026


 Performance counter stats for 'cargo check -j24':

          35525.17 msec task-clock:u                                                          
       56223252935      cpu_atom/cycles/u                                                       (54.15%)
       92933681370      cpu_core/cycles/u                                                       (79.70%)
       54826793091      cpu_atom/instructions/u                                                 (54.15%)
      107090023050      cpu_core/instructions/u                                                 (79.70%)
        9650281936      cpu_atom/branches/u                                                     (54.15%)
       19057204531      cpu_core/branches/u                                                     (79.70%)
         361828276      cpu_atom/branch-misses/u                                                (54.15%)
         590979666      cpu_core/branch-misses/u                                                (79.70%)
        1264535153      cpu_atom/cache-references/u                                             (54.15%)
        1531120150      cpu_core/cache-references/u                                             (79.70%)
         415842619      cpu_atom/cache-misses/u                                                 (54.15%)
         474270668      cpu_core/cache-misses/u                                                 (79.70%)
           2481526      page-faults:u                                                         

      10.063422641 seconds time elapsed

      25.073814000 seconds user
      10.752436000 seconds sys


