===== release @ 2026-07-12T16:19:58-03:00 =====
     Removed 0 files
wall_sec=104.07 user_sec=167.85 sys_sec=13.18 maxrss_kb=1601364
# started on Sun Jul 12 16:19:58 2026


 Performance counter stats for 'cargo build --release -j24':

         181987.15 msec task-clock:u                                                          
      378279882027      cpu_atom/cycles/u                                                       (30.92%)
      710665279593      cpu_core/cycles/u                                                       (85.23%)
      394827148546      cpu_atom/instructions/u                                                 (30.92%)
      883217581851      cpu_core/instructions/u                                                 (85.23%)
       76626502501      cpu_atom/branches/u                                                     (30.92%)
      172707229229      cpu_core/branches/u                                                     (85.23%)
        4271181299      cpu_atom/branch-misses/u                                                (30.92%)
        7786102368      cpu_core/branch-misses/u                                                (85.23%)
        8449482301      cpu_atom/cache-references/u                                             (30.92%)
       12590293815      cpu_core/cache-references/u                                             (85.23%)
        2360873322      cpu_atom/cache-misses/u                                                 (30.92%)
        2894979405      cpu_core/cache-misses/u                                                 (85.23%)
           3648519      page-faults:u                                                         

     104.047656619 seconds time elapsed

     167.847312000 seconds user
      13.177102000 seconds sys


===== check @ 2026-07-12T16:21:42-03:00 =====
     Removed 4058 files, 942.0MiB total
wall_sec=20.16 user_sec=26.88 sys_sec=11.27 maxrss_kb=820800
# started on Sun Jul 12 16:21:42 2026


 Performance counter stats for 'cargo check -j24':

          37766.42 msec task-clock:u                                                          
       48685849779      cpu_atom/cycles/u                                                       (53.16%)
       92748093838      cpu_core/cycles/u                                                       (81.63%)
       50398501188      cpu_atom/instructions/u                                                 (53.16%)
      108111693796      cpu_core/instructions/u                                                 (81.63%)
        8884948726      cpu_atom/branches/u                                                     (53.16%)
       19223202088      cpu_core/branches/u                                                     (81.63%)
         318929586      cpu_atom/branch-misses/u                                                (53.16%)
         606984590      cpu_core/branch-misses/u                                                (81.63%)
        1159251433      cpu_atom/cache-references/u                                             (53.16%)
        1649013242      cpu_core/cache-references/u                                             (81.63%)
         352003392      cpu_atom/cache-misses/u                                                 (53.16%)
         522805282      cpu_core/cache-misses/u                                                 (81.63%)
           2411833      page-faults:u                                                         

      20.152493295 seconds time elapsed

      26.885022000 seconds user
      11.264760000 seconds sys


