===== release @ 2026-07-12T16:22:10-03:00 =====
     Removed 3702 files, 983.9MiB total
wall_sec=80.68 user_sec=166.56 sys_sec=12.71 maxrss_kb=1624372
# started on Sun Jul 12 16:22:10 2026


 Performance counter stats for 'cargo build --release -j24':

         180269.05 msec task-clock:u                                                          
      369463904375      cpu_atom/cycles/u                                                       (33.08%)
      696216287540      cpu_core/cycles/u                                                       (85.52%)
      381681362601      cpu_atom/instructions/u                                                 (33.08%)
      875551859886      cpu_core/instructions/u                                                 (85.52%)
       73619181812      cpu_atom/branches/u                                                     (33.08%)
      171386237035      cpu_core/branches/u                                                     (85.52%)
        4074759548      cpu_atom/branch-misses/u                                                (33.08%)
        7716580563      cpu_core/branch-misses/u                                                (85.52%)
        8283096243      cpu_atom/cache-references/u                                             (33.08%)
       12374638813      cpu_core/cache-references/u                                             (85.52%)
        2402904371      cpu_atom/cache-misses/u                                                 (33.08%)
        2735544090      cpu_core/cache-misses/u                                                 (85.52%)
           3645072      page-faults:u                                                         

      80.659448671 seconds time elapsed

     166.558541000 seconds user
      12.710254000 seconds sys


===== check @ 2026-07-12T16:23:31-03:00 =====
     Removed 4058 files, 942.0MiB total
wall_sec=10.13 user_sec=25.36 sys_sec=10.51 maxrss_kb=821084
# started on Sun Jul 12 16:23:31 2026


 Performance counter stats for 'cargo check -j24':

          35554.00 msec task-clock:u                                                          
       58585860763      cpu_atom/cycles/u                                                       (51.71%)
       93401245174      cpu_core/cycles/u                                                       (78.98%)
       57242098471      cpu_atom/instructions/u                                                 (51.71%)
      108178488578      cpu_core/instructions/u                                                 (78.98%)
       10111912488      cpu_atom/branches/u                                                     (51.71%)
       19227030994      cpu_core/branches/u                                                     (78.98%)
         383280169      cpu_atom/branch-misses/u                                                (51.71%)
         589686440      cpu_core/branch-misses/u                                                (78.98%)
        1309504295      cpu_atom/cache-references/u                                             (51.71%)
        1546907851      cpu_core/cache-references/u                                             (78.98%)
         428182202      cpu_atom/cache-misses/u                                                 (51.71%)
         491018917      cpu_core/cache-misses/u                                                 (78.98%)
           2409997      page-faults:u                                                         

      10.126642960 seconds time elapsed

      25.363400000 seconds user
      10.504550000 seconds sys


