===== release @ 2026-07-12T17:25:49-03:00 =====
     Removed 3674 files, 996.9MiB total
wall_sec=56.23 user_sec=168.25 sys_sec=13.16 maxrss_kb=1476248
# started on Sun Jul 12 17:25:49 2026


 Performance counter stats for 'cargo build --release -j24':

         182781.82 msec task-clock:u                                                          
      357248042688      cpu_atom/cycles/u                                                       (37.00%)
      687997552213      cpu_core/cycles/u                                                       (83.93%)
      363310288278      cpu_atom/instructions/u                                                 (37.00%)
      850416220044      cpu_core/instructions/u                                                 (83.93%)
       70692075130      cpu_atom/branches/u                                                     (37.00%)
      167014153170      cpu_core/branches/u                                                     (83.93%)
        4200427184      cpu_atom/branch-misses/u                                                (37.00%)
        8031842677      cpu_core/branch-misses/u                                                (83.93%)
        7853765934      cpu_atom/cache-references/u                                             (37.00%)
       11707633358      cpu_core/cache-references/u                                             (83.93%)
        2172551899      cpu_atom/cache-misses/u                                                 (37.00%)
        2566791122      cpu_core/cache-misses/u                                                 (83.93%)
           3814994      page-faults:u                                                         

      56.207283961 seconds time elapsed

     168.255544000 seconds user
      13.156599000 seconds sys


===== check @ 2026-07-12T17:26:45-03:00 =====
     Removed 4013 files, 886.4MiB total
wall_sec=7.02 user_sec=22.32 sys_sec=10.93 maxrss_kb=475136
# started on Sun Jul 12 17:26:45 2026


 Performance counter stats for 'cargo check -j24':

          32924.11 msec task-clock:u                                                          
       47664876293      cpu_atom/cycles/u                                                       (56.29%)
       81029451436      cpu_core/cycles/u                                                       (78.14%)
       46306359870      cpu_atom/instructions/u                                                 (56.29%)
       88275848174      cpu_core/instructions/u                                                 (78.14%)
        8273915476      cpu_atom/branches/u                                                     (56.29%)
       15923088636      cpu_core/branches/u                                                     (78.14%)
         321012765      cpu_atom/branch-misses/u                                                (56.29%)
         490537493      cpu_core/branch-misses/u                                                (78.14%)
        1078692632      cpu_atom/cache-references/u                                             (56.29%)
        1240623304      cpu_core/cache-references/u                                             (78.14%)
         352990370      cpu_atom/cache-misses/u                                                 (56.29%)
         449684811      cpu_core/cache-misses/u                                                 (78.14%)
           2506723      page-faults:u                                                         

       7.009956796 seconds time elapsed

      22.321048000 seconds user
      10.930048000 seconds sys


