===== release @ 2026-07-12T16:23:48-03:00 =====
     Removed 0 files
wall_sec=77.82 user_sec=171.79 sys_sec=13.74 maxrss_kb=1463276
# started on Sun Jul 12 16:23:48 2026


 Performance counter stats for 'cargo build --release -j24':

         186743.07 msec task-clock:u                                                          
      391851554738      cpu_atom/cycles/u                                                       (33.86%)
      690457246358      cpu_core/cycles/u                                                       (83.88%)
      408897825275      cpu_atom/instructions/u                                                 (33.86%)
      845600587024      cpu_core/instructions/u                                                 (83.88%)
       79435747464      cpu_atom/branches/u                                                     (33.86%)
      166126785015      cpu_core/branches/u                                                     (83.88%)
        4681248213      cpu_atom/branch-misses/u                                                (33.86%)
        8019601122      cpu_core/branch-misses/u                                                (83.88%)
        8458710893      cpu_atom/cache-references/u                                             (33.86%)
       11778279735      cpu_core/cache-references/u                                             (83.88%)
        2255686841      cpu_atom/cache-misses/u                                                 (33.86%)
        2807349335      cpu_core/cache-misses/u                                                 (83.88%)
           3749015      page-faults:u                                                         

      77.796938810 seconds time elapsed

     171.795350000 seconds user
      13.744523000 seconds sys


===== check @ 2026-07-12T16:25:06-03:00 =====
     Removed 4013 files, 886.4MiB total
wall_sec=13.42 user_sec=23.05 sys_sec=11.00 maxrss_kb=474168
# started on Sun Jul 12 16:25:06 2026


 Performance counter stats for 'cargo check -j24':

          33696.65 msec task-clock:u                                                          
       50773462715      cpu_atom/cycles/u                                                       (58.95%)
       74420098436      cpu_core/cycles/u                                                       (75.65%)
       50817006802      cpu_atom/instructions/u                                                 (58.95%)
       86040411097      cpu_core/instructions/u                                                 (75.65%)
        8950685983      cpu_atom/branches/u                                                     (58.95%)
       15630303324      cpu_core/branches/u                                                     (75.65%)
         346047159      cpu_atom/branch-misses/u                                                (58.95%)
         474920136      cpu_core/branch-misses/u                                                (75.65%)
        1240406121      cpu_atom/cache-references/u                                             (58.95%)
        1203799878      cpu_core/cache-references/u                                             (75.65%)
         383748812      cpu_atom/cache-misses/u                                                 (58.95%)
         421711029      cpu_core/cache-misses/u                                                 (75.65%)
           2432519      page-faults:u                                                         

      13.412599117 seconds time elapsed

      23.051589000 seconds user
      10.991964000 seconds sys


